[rooicell.co.kr/index.html]
[backblue.gif]
[fade.gif]
[index.html]
[rooicell.co.kr/js/jquery-1.11.3.min.js]
[rooicell.co.kr/js/jquery-migrate-1.2.1.min.js]
[rooicell.co.kr/js/jquery.easing.1.3.js]
[rooicell.co.kr/js/slick.min.js]
[rooicell.co.kr/css/slick.css]
[cdnjs.cloudflare.com/ajax/libs/Swiper/4.5.0/css/swiper.min.css]
[rooicell.co.kr/js/common.js]
[rooicell.co.kr/css/commonbfee.css]
[rooicell.co.kr/js/indexbfee.js]
[rooicell.co.kr/css/index_pcbfee.css]
[rooicell.co.kr/css/index_tabletbfee.css]
[rooicell.co.kr/css/index_mobilebfee.css]
[rooicell.co.kr/css/locomotive-scroll.css]
[rooicell.co.kr/js/lodash.min.js]
[cdnjs.cloudflare.com/ajax/libs/babel-polyfill/7.6.0/polyfill.min.js]
[cdnjs.cloudflare.com/ajax/libs/gsap/3.8.0/ScrollTrigger.min.js]
[cdnjs.cloudflare.com/ajax/libs/gsap/3.8.0/gsap.min.js]
[rooicell.co.kr/js/locomotive-scroll.min.js]
[ajax.googleapis.com/ajax/libs/webfont/1.6.16/webfont.js]
[rooicell.co.kr/m11.html]
[cdnjs.cloudflare.com/ajax/libs/Swiper/4.5.0/js/swiper.min.js]
[rooicell.co.kr/m12.html]
[rooicell.co.kr/m13.html]
[code.jquery.com/ui/1.11.4/jquery-ui.js]
[rooicell.co.kr/product.html]
[rooicell.co.kr/product31d2.html]
[rooicell.co.kr/productd896.html]
[rooicell.co.kr/product044b.html]
[rooicell.co.kr/product80e5.html]
[rooicell.co.kr/m31.html]
[rooicell.co.kr/m32.html]
[rooicell.co.kr/m33.html]
[rooicell.co.kr/m34.html]
[rooicell.co.kr/m35.html]
[rooicell.co.kr/m41.html]
[rooicell.co.kr/images/common/allmenu_leaf.png]
[rooicell.co.kr/en/index.html]
[rooicell.co.kr/images/main20220318.mp4]
[rooicell.co.kr/images/main/nature_bg.jpg]
[rooicell.co.kr/cn/index.html]
[rooicell.co.kr/product_view6e19.html]
[rooicell.co.kr/data/main/file1_1650008043enowuc431g.jpg]
[rooicell.co.kr/product_view6b06.html]
[rooicell.co.kr/data/main/file1_1650008078q4b2hs8386.jpg]
[rooicell.co.kr/product_viewe266.html]
[rooicell.co.kr/data/main/file1_16500081118hbf6vbvon.jpg]
[rooicell.co.kr/product_view6daa.html]
[rooicell.co.kr/data/main/file1_1650008156gt5l0l43zm.jpg]
[rooicell.co.kr/images/main/business_bg1.jpg]
[rooicell.co.kr/images/main/business_bg2.jpg]
[rooicell.co.kr/images/main/business_bg3.jpg]
[rooicell.co.kr/data/insta/file1_1650002902aj9f9lkla3.jpg]
[rooicell.co.kr/data/insta/file1_16500029154pri8wja3e.jpg]
[rooicell.co.kr/data/insta/file1_1650002926ntslx0s69m.jpg]
[rooicell.co.kr/data/insta/file1_1650002949cijkhtz8lu.jpg]
[rooicell.co.kr/data/insta/file1_1650002961sp5zvh148r.jpg]
[rooicell.co.kr/images/common/footer_sns_b.png]
[rooicell.co.kr/images/common/footer_sns_f.png]
[rooicell.co.kr/images/common/footer_sns_y.png]
[rooicell.co.kr/images/common/footer_sns_i.png]
[rooicell.co.kr/index.html]
[rooicell.co.kr/css/slick.css]
[cdnjs.cloudflare.com/ajax/libs/Swiper/4.5.0/css/swiper.min.css]
[rooicell.co.kr/section .sec_title_g .link_g .view_more .html]
[rooicell.co.kr/css/font.css]
[rooicell.co.kr/images/common/allmenu_bg.jpg]
[rooicell.co.kr/img/page/find_idpw_popup.html]
[rooicell.co.kr/images/common/cursor_prev.html]
[rooicell.co.kr/css/commonbfee.css]
[rooicell.co.kr/css/index_pcbfee.css]
[rooicell.co.kr/css/index_tabletbfee.css]
[rooicell.co.kr/css/index_mobilebfee.css]
[rooicell.co.kr/css/locomotive-scroll.css]
[rooicell.co.kr/images/common/cursor_next.html]
[rooicell.co.kr/js/stylebfee.js]
[rooicell.co.kr/css/style_pcbfee.css]
[rooicell.co.kr/css/style_tabletbfee.css]
[rooicell.co.kr/css/style_mobilebfee.css]
[rooicell.co.kr/images/page/m11_img1.jpg]
[rooicell.co.kr/images/page/m11_img2.jpg]
[rooicell.co.kr/images/page/rooicell.gif]
[rooicell.co.kr/images/page/m11_img5.jpg]
[rooicell.co.kr/images/page/m11_img6.jpg]
[rooicell.co.kr/product_view4a96.html]
[rooicell.co.kr/data/brand/file1_1675744968h9f0uludzz.jpg]
[rooicell.co.kr/product_viewa97f.html]
[rooicell.co.kr/data/brand/file1_1675744834ua7zgha964.jpg]
[rooicell.co.kr/product_viewa900.html]
[rooicell.co.kr/data/brand/file1_1675744701r5225ck279.jpg]
[rooicell.co.kr/data/brand/file1_1650962554wfu0f0obho.jpg]
[rooicell.co.kr/data/brand/file1_16509625172knppoxvwr.jpg]
[rooicell.co.kr/data/brand/file1_1650962479r5vo8iuztq.jpg]
[rooicell.co.kr/data/brand/file1_1650962590u9eg4pjmu9.jpg]
[rooicell.co.kr/product_view1a89.html]
[rooicell.co.kr/data/brand/file1_1651118903tvr3dipkm4.jpg]
[rooicell.co.kr/product_viewb1f5.html]
[rooicell.co.kr/data/brand/file1_16511189407ysruxv2jg.jpg]
[rooicell.co.kr/product_viewbb98.html]
[rooicell.co.kr/data/brand/file1_165111897198jkerht3a.jpg]
[rooicell.co.kr/m11.html]
[rooicell.co.kr/images/page/m12_img1.jpg]
[rooicell.co.kr/images/page/m12_img2.jpg]
[rooicell.co.kr/images/page/m12_img3.jpg]
[rooicell.co.kr/images/page/m12_img4.jpg]
[rooicell.co.kr/images/page/m12_img5.jpg]
[rooicell.co.kr/product_view084f.html]
[rooicell.co.kr/data/brand/file1_167219224766v3eclmxx.jpg]
[rooicell.co.kr/product_view4f57.html]
[rooicell.co.kr/data/brand/file1_1649998476cgdxphzdmf.jpg]
[rooicell.co.kr/product_viewfc0d.html]
[rooicell.co.kr/data/brand/file1_1649998510ummy26zhij.jpg]
[rooicell.co.kr/product_view48ba.html]
[rooicell.co.kr/m12.html]
[rooicell.co.kr/data/brand/file1_1649998544bmrwx8gl0j.jpg]
[rooicell.co.kr/images/page/m13_img1.jpg]
[rooicell.co.kr/images/page/m13_img2.jpg]
[rooicell.co.kr/images/page/m13_img3.jpg]
[rooicell.co.kr/images/page/m13_img4.jpg]
[rooicell.co.kr/images/page/m13_img6.jpg]
[rooicell.co.kr/images/page/m13_img5.jpg]
[rooicell.co.kr/product_view6dfe.html]
[rooicell.co.kr/data/brand/file1_1650962806iwxgd5cb7g.jpg]
[rooicell.co.kr/product_view5634.html]
[rooicell.co.kr/data/brand/file1_1650962775sv9m8ackli.jpg]
[rooicell.co.kr/product_view8696.html]
[rooicell.co.kr/data/brand/file1_16509627457a7x22hpu5.jpg]
[rooicell.co.kr/product_viewc542.html]
[rooicell.co.kr/data/brand/file1_1650962645kzrge8hjm2.jpg]
[rooicell.co.kr/m13.html]
[rooicell.co.kr/data/product/file1_1675744100as01e79pl6.jpg]
[rooicell.co.kr/data/product/file1_1675743855htqd1ql6tj.jpg]
[rooicell.co.kr/data/product/file1_1675743537wlmcwi1avu.jpg]
[rooicell.co.kr/data/product/file1_1650007898uknbw8hmat.jpg]
[rooicell.co.kr/data/product/file1_1650007793lb70ub0sjj.jpg]
[rooicell.co.kr/data/product/file1_1650007704jimts2clke.jpg]
[rooicell.co.kr/data/product/file1_16500076083dy605fm64.jpg]
[rooicell.co.kr/data/product/file1_1650866304s28ul1r8a9.jpg]
[rooicell.co.kr/data/product/file1_1650866094ts23mipacw.jpg]
[rooicell.co.kr/product.html]
[rooicell.co.kr/product31d2.html]
[rooicell.co.kr/product119c.html]
[rooicell.co.kr/data/product/file1_1650865824wltbva32di.jpg]
[rooicell.co.kr/productd896.html]
[rooicell.co.kr/product044b.html]
[rooicell.co.kr/data/product/file1_16500073961pz5c9t34u.jpg]
[rooicell.co.kr/data/product/file1_1650007263gne5g1bpm2.jpg]
[rooicell.co.kr/data/product/file1_1650007168q64tggz7zo.jpg]
[rooicell.co.kr/data/product/file1_1650006281y0vhfjos7u.jpg]
[rooicell.co.kr/data/product/file1_16721911844ur7a2eokx.jpg]
[rooicell.co.kr/data/product/file1_1649998322ws3w27r3d8.jpg]
[rooicell.co.kr/data/product/file1_16499979861hnq7o2x8t.jpg]
[rooicell.co.kr/product80e5.html]
[rooicell.co.kr/data/product/file1_1649998153gvrdz11tb3.jpg]
[rooicell.co.kr/images/page/process_bg1.jpg]
[rooicell.co.kr/images/page/process_bg3.jpg]
[rooicell.co.kr/images/page/process_bg2.jpg]
[rooicell.co.kr/images/page/process_bg4.jpg]
[rooicell.co.kr/images/page/rooicell_logo_bg.png]
[rooicell.co.kr/images/page/process_icon1.png]
[rooicell.co.kr/images/page/process_icon3.png]
[rooicell.co.kr/images/page/process_icon4.png]
[rooicell.co.kr/images/page/process_icon5.png]
[rooicell.co.kr/images/page/process_icon6.png]
[rooicell.co.kr/images/page/process_icon7.png]
[rooicell.co.kr/images/page/process_icon2.png]
[rooicell.co.kr/m31.html]
[rooicell.co.kr/images/page/rnd_bg.jpg]
[rooicell.co.kr/images/page/rnd_img1.jpg]
[rooicell.co.kr/images/page/rnd_img2.jpg]
[rooicell.co.kr/images/page/rnd_img3.jpg]
[rooicell.co.kr/m32.html]
[rooicell.co.kr/images/page/manufacture_img1.jpg]
[rooicell.co.kr/images/page/manufacture_img2.jpg]
[rooicell.co.kr/images/page/manufacture_img3.jpg]
[rooicell.co.kr/images/page/manufacture_img4.jpg]
[rooicell.co.kr/m33.html]
[rooicell.co.kr/images/page/farm_bg1.jpg]
[rooicell.co.kr/m34.html]
[rooicell.co.kr/images/page/farm_bg2.jpg]
[rooicell.co.kr/images/page/global_network_map.png]
[rooicell.co.kr/images/page/client_k_l1.png]
[rooicell.co.kr/images/page/client_k_l2.png]
[rooicell.co.kr/images/page/client_k_l3.png]
[rooicell.co.kr/images/page/client_k_l4.png]
[rooicell.co.kr/images/page/client_k_l5.png]
[rooicell.co.kr/images/page/client_k_l6.png]
[rooicell.co.kr/images/page/client_k_l7.png]
[rooicell.co.kr/images/page/client_k_l8.png]
[rooicell.co.kr/images/page/client_k_l9.png]
[rooicell.co.kr/images/page/client_k_l10.png]
[rooicell.co.kr/images/page/client_k_l11.png]
[rooicell.co.kr/images/page/client_k_l12.png]
[rooicell.co.kr/images/page/client_o_l1.png]
[rooicell.co.kr/images/page/client_o_l2.png]
[rooicell.co.kr/images/page/client_o_l3.png]
[rooicell.co.kr/images/page/client_o_l4.png]
[rooicell.co.kr/images/page/client_o_l5.png]
[rooicell.co.kr/images/page/client_o_l6.png]
[rooicell.co.kr/images/page/client_o_l7.png]
[rooicell.co.kr/images/page/client_o_l8.png]
[rooicell.co.kr/images/page/client_o_l9.png]
[rooicell.co.kr/images/page/client_o_l10.png]
[rooicell.co.kr/images/page/client_o_l11.png]
[rooicell.co.kr/images/page/client_o_l12.png]
[rooicell.co.kr/m35.html]
[rooicell.co.kr/m41.html]
[rooicell.co.kr/en/js/common.js]
[rooicell.co.kr/en/css/common09f7.css]
[rooicell.co.kr/en/js/index09f7.js]
[rooicell.co.kr/en/css/index_pc09f7.css]
[rooicell.co.kr/en/css/index_tablet09f7.css]
[rooicell.co.kr/en/css/index_mobile09f7.css]
[rooicell.co.kr/en/m11.html]
[rooicell.co.kr/en/m12.html]
[rooicell.co.kr/en/m13.html]
[rooicell.co.kr/en/product.html]
[rooicell.co.kr/en/product31d2.html]
[rooicell.co.kr/en/productd896.html]
[rooicell.co.kr/en/product044b.html]
[rooicell.co.kr/en/product80e5.html]
[rooicell.co.kr/en/m31.html]
[rooicell.co.kr/en/m32.html]
[rooicell.co.kr/en/m33.html]
[rooicell.co.kr/en/m34.html]
[rooicell.co.kr/en/m35.html]
[rooicell.co.kr/en/m41.html]
[rooicell.co.kr/en/product_view9a49.html]
[rooicell.co.kr/data/main/file1_1651124803jxbf75v5pm.jpg]
[rooicell.co.kr/en/product_view18b2.html]
[rooicell.co.kr/data/main/file1_1651124731vie32611r3.jpg]
[rooicell.co.kr/en/product_viewdc32.html]
[rooicell.co.kr/data/main/file1_1651124687s5yiy329jt.jpg]
[rooicell.co.kr/en/product_viewb072.html]
[rooicell.co.kr/data/main/file1_1651124610pjh0lvu06b.jpg]
[rooicell.co.kr/data/insta/file1_16500032529jzjgg6wqr.jpg]
[rooicell.co.kr/data/insta/file1_16500032662olrdr286v.jpg]
[rooicell.co.kr/data/insta/file1_1650003281mokb16xo5p.jpg]
[rooicell.co.kr/data/insta/file1_16500033016dsityq9dd.jpg]
[rooicell.co.kr/data/insta/file1_1650003315r646cnj1jd.jpg]
[rooicell.co.kr/en/index.html]
[rooicell.co.kr/en/section .sec_title_g .link_g .view_more .html]
[rooicell.co.kr/cn/js/common.js]
[rooicell.co.kr/cn/css/common09f7.css]
[rooicell.co.kr/cn/js/index09f7.js]
[rooicell.co.kr/cn/css/index_pc09f7.css]
[rooicell.co.kr/cn/css/index_tablet09f7.css]
[rooicell.co.kr/cn/css/index_mobile09f7.css]
[rooicell.co.kr/cn/m11.html]
[rooicell.co.kr/cn/m12.html]
[rooicell.co.kr/cn/m13.html]
[rooicell.co.kr/cn/product.html]
[rooicell.co.kr/cn/product31d2.html]
[rooicell.co.kr/cn/productd896.html]
[rooicell.co.kr/cn/product044b.html]
[rooicell.co.kr/cn/product80e5.html]
[rooicell.co.kr/cn/m31.html]
[rooicell.co.kr/cn/m32.html]
[rooicell.co.kr/cn/m33.html]
[rooicell.co.kr/cn/m34.html]
[rooicell.co.kr/cn/m35.html]
[rooicell.co.kr/cn/m41.html]
[rooicell.co.kr/cn/product_viewed55.html]
[rooicell.co.kr/data/main/file1_16520817388zxojw09iy.jpg]
[rooicell.co.kr/cn/product_view267d.html]
[rooicell.co.kr/data/main/file1_1652081711rb0fawvppb.jpg]
[rooicell.co.kr/data/main/file1_16520816823k0ne6sp33.jpg]
[rooicell.co.kr/cn/product_view88d7.html]
[rooicell.co.kr/data/main/file1_1652081645tlwiiivdqn.jpg]
[rooicell.co.kr/data/insta/file1_16500046282wdwwtoop6.jpg]
[rooicell.co.kr/data/insta/file1_1650004642l5j2bbo7mz.jpg]
[rooicell.co.kr/data/insta/file1_1650004653qt3m9yzc14.jpg]
[rooicell.co.kr/data/insta/file1_16500046667zm9gidwxi.jpg]
[rooicell.co.kr/data/insta/file1_1650004683cwlazpgrgy.jpg]
[rooicell.co.kr/cn/index.html]
[rooicell.co.kr/cn/section .sec_title_g .link_g .view_more .html]
[rooicell.co.kr/js/jquery.zoom.min.js]
[rooicell.co.kr/data/product/b_file_16500078988tbohjfwn8.jpg]
[rooicell.co.kr/data/product/b_file_165000789847rpvic17f.jpg]
[rooicell.co.kr/data/product/file_main_1650007898hjqsntlahx.jpg]
[rooicell.co.kr/product_view6e19.html]
[rooicell.co.kr/data/product/b_file_1675744382uv4jqem3eu.jpg]
[rooicell.co.kr/data/product/b_file_16500077932m9g4iv6ht.jpg]
[rooicell.co.kr/product_view6b06.html]
[rooicell.co.kr/data/product/file_main_1650007793pnk84wvs24.jpg]
[rooicell.co.kr/data/product/b_file_1650007704im04ejudft.jpg]
[rooicell.co.kr/data/product/b_file_16500077042vnh0z2kin.jpg]
[rooicell.co.kr/data/product/file_main_165000770402ybmk1ui0.jpg]
[rooicell.co.kr/product_viewe266.html]
[rooicell.co.kr/data/product/b_file_16500076089veyk1qzoq.jpg]
[rooicell.co.kr/data/product/b_file_16500076088a9l9eedwa.jpg]
[rooicell.co.kr/data/product/file_main_16500076081ex24ncg3p.jpg]
[rooicell.co.kr/product_view6daa.html]
[rooicell.co.kr/section .sec_title_g .link_g .view_more .html]
[rooicell.co.kr/css/font.css]
[rooicell.co.kr/img/page/find_idpw_popup.html]
[rooicell.co.kr/img/page/section .sec_title_g .link_g .view_more .html]
[rooicell.co.kr/images/common/cursor_prev.html]
[rooicell.co.kr/images/common/cursor_next.html]
[rooicell.co.kr/images/common/section .sec_title_g .link_g .view_more .html]
[rooicell.co.kr/images/page/st11_bg.jpg]
[rooicell.co.kr/images/page/st12_bg.jpg]
[rooicell.co.kr/images/page/st13_bg.jpg]
[rooicell.co.kr/images/page/st20_bg.jpg]
[rooicell.co.kr/images/page/st30_bg.jpg]
[rooicell.co.kr/images/page/st31_bg.jpg]
[rooicell.co.kr/images/page/st33_bg.jpg]
[rooicell.co.kr/images/page/st34_bg.jpg]
[rooicell.co.kr/images/page/st35_bg.jpg]
[rooicell.co.kr/images/page/st40_bg.jpg]
[rooicell.co.kr/images/page/paging_first.png]
[rooicell.co.kr/images/page/paging_prev.png]
[rooicell.co.kr/images/page/paging_next.png]
[rooicell.co.kr/images/page/paging_last.png]
[rooicell.co.kr/images/page/rooicell_icon.png]
[rooicell.co.kr/css/style_pcbfee.css]
[rooicell.co.kr/css/style_tabletbfee.css]
[rooicell.co.kr/css/style_mobilebfee.css]
[rooicell.co.kr/data/product/b_file_1675744100kls2vtkshf.jpg]
[rooicell.co.kr/data/product/b_file_1675744100a2v6rlebmj.jpg]
[rooicell.co.kr/data/product/file_main_1675744100b6ccx83wk8.jpg]
[rooicell.co.kr/product_view4a96.html]
[rooicell.co.kr/data/product/b_file_1675743855g1ikhmon9k.jpg]
[rooicell.co.kr/data/product/b_file_16757438559zn4k9n8o4.jpg]
[rooicell.co.kr/data/product/file_main_1675743855rs80rzfgw2.jpg]
[rooicell.co.kr/product_viewa97f.html]
[rooicell.co.kr/data/product/b_file_16757435377kkmvh8f0z.jpg]
[rooicell.co.kr/data/product/b_file_1675743538f7elv7u9ik.jpg]
[rooicell.co.kr/product_viewa900.html]
[rooicell.co.kr/data/product/file_main_16757435378m6mykgx49.jpg]
[rooicell.co.kr/data/product/b_file_16508662896c1z8j0bsl.jpg]
[rooicell.co.kr/data/product/b_file_1650866289egmu8yop6o.jpg]
[rooicell.co.kr/data/product/file_main_1650866289w0bj4v71uo.jpg]
[rooicell.co.kr/product_view1a89.html]
[rooicell.co.kr/data/product/b_file_1650866094323xga6440.jpg]
[rooicell.co.kr/data/product/b_file_1650866094ysnykiqcuj.jpg]
[rooicell.co.kr/data/product/file_main_1650866094h23b8ab7q2.jpg]
[rooicell.co.kr/product_viewb1f5.html]
[rooicell.co.kr/data/product/b_file_16508658247t4vzow6cz.jpg]
[rooicell.co.kr/data/product/b_file_1650865824352ldpym90.jpg]
[rooicell.co.kr/data/product/file_main_1650865824jpb63ajzn2.jpg]
[rooicell.co.kr/product_viewbb98.html]
[rooicell.co.kr/data/product/b_file_167219118446mr52d0c8.jpg]
[rooicell.co.kr/data/product/b_file_1675388493spnv9j5vol.jpg]
[rooicell.co.kr/data/product/b_file_167538849373gxmif65k.jpg]
[rooicell.co.kr/data/product/file_main_16756473478sj8hfsukf.jpg]
[rooicell.co.kr/product_view084f.html]
[rooicell.co.kr/data/product/b_file_16499982975hudbpa4pw.jpg]
[rooicell.co.kr/data/product/b_file_16499982975v0tl1n2xr.jpg]
[rooicell.co.kr/product_view4f57.html]
[rooicell.co.kr/data/product/file_main_16756473856hsf73m33t.jpg]
[rooicell.co.kr/data/product/b_file_1649997986uj5g8zisg1.jpg]
[rooicell.co.kr/data/product/b_file_16499979861ufqimtf0s.jpg]
[rooicell.co.kr/data/product/b_file_1649997986w15y37b4dd.jpg]
[rooicell.co.kr/product_viewfc0d.html]
[rooicell.co.kr/data/product/file_main_1675647404rb9dfwgkzm.jpg]
[rooicell.co.kr/data/product/b_file_1649998153cuq6ua3zza.jpg]
[rooicell.co.kr/data/product/b_file_1675388249017tisyjei.jpg]
[rooicell.co.kr/data/product/b_file_16753882494ns6xg2mfc.jpg]
[rooicell.co.kr/data/product/file_main_1675647422tjs7fjd3bj.jpg]
[rooicell.co.kr/product_view48ba.html]
[rooicell.co.kr/data/product/b_file_16500073969hosm56gsg.jpg]
[rooicell.co.kr/data/product/b_file_1650007396umgozufaba.jpg]
[rooicell.co.kr/data/product/b_file_1650007396owhh1tjj7e.jpg]
[rooicell.co.kr/product_view6dfe.html]
[rooicell.co.kr/data/product/file_main_1650007396jx774tufvq.jpg]
[rooicell.co.kr/data/product/b_file_1650007263gx6525d01x.jpg]
[rooicell.co.kr/data/product/b_file_1650007263hlp1qhqvep.jpg]
[rooicell.co.kr/data/product/b_file_16500072637gx6z10a0t.jpg]
[rooicell.co.kr/data/product/file_main_1650007263c4y51u8a31.jpg]
[rooicell.co.kr/product_view5634.html]
[rooicell.co.kr/data/product/b_file_1650007168uhjeldk6c3.jpg]
[rooicell.co.kr/data/product/b_file_16500071687s5xu6sj4o.jpg]
[rooicell.co.kr/data/product/b_file_1650007168jgv8okdgtz.jpg]
[rooicell.co.kr/data/product/file_main_1650007168dk1b69ug0p.jpg]
[rooicell.co.kr/product_view8696.html]
[rooicell.co.kr/data/product/b_file_1650006281mhxv9jn3z9.jpg]
[rooicell.co.kr/data/product/b_file_1650006281knq8etkvdb.jpg]
[rooicell.co.kr/data/product/b_file_1650006281fu1dxas7g4.jpg]
[rooicell.co.kr/data/product/file_main_1650006281s4qbg33416.jpg]
[rooicell.co.kr/product_viewc542.html]
[rooicell.co.kr/product119c.html]
[rooicell.co.kr/product8f63.html]
[rooicell.co.kr/en/css/font.css]
[rooicell.co.kr/en/css/common09f7.css]
[rooicell.co.kr/en/css/index_pc09f7.css]
[rooicell.co.kr/en/css/index_tablet09f7.css]
[rooicell.co.kr/en/css/index_mobile09f7.css]
[rooicell.co.kr/en/img/page/find_idpw_popup.html]
[rooicell.co.kr/en/js/style09f7.js]
[rooicell.co.kr/en/css/style_pc09f7.css]
[rooicell.co.kr/en/css/style_tablet09f7.css]
[rooicell.co.kr/en/css/style_mobile09f7.css]
[rooicell.co.kr/data/brand/file1_1651119290awo3dp0qx3.jpg]
[rooicell.co.kr/data/brand/file1_1651119260vlfaxuwzcx.jpg]
[rooicell.co.kr/data/brand/file1_1651119232fmbi1dw6ie.jpg]
[rooicell.co.kr/data/brand/file1_16511193196agezchn63.jpg]
[rooicell.co.kr/en/product_view1288.html]
[rooicell.co.kr/data/brand/file1_1651119183iohxby5hds.jpg]
[rooicell.co.kr/en/product_viewd936.html]
[rooicell.co.kr/data/brand/file1_1651119158ytawwhg4km.jpg]
[rooicell.co.kr/en/product_viewb2c1.html]
[rooicell.co.kr/en/m11.html]
[rooicell.co.kr/data/brand/file1_16511191178qp44sjs89.jpg]
[rooicell.co.kr/en/product_view26c1.html]
[rooicell.co.kr/data/brand/file1_1675646561pb53nj84uj.jpg]
[rooicell.co.kr/en/product_view188d.html]
[rooicell.co.kr/data/brand/file1_1651125752jopca3idtr.jpg]
[rooicell.co.kr/en/product_view38fe.html]
[rooicell.co.kr/data/brand/file1_1651125790gk5jubjrah.jpg]
[rooicell.co.kr/en/product_view25d3.html]
[rooicell.co.kr/data/brand/file1_1651125876qygt41toqp.jpg]
[rooicell.co.kr/en/m12.html]
[rooicell.co.kr/en/product_view3c77.html]
[rooicell.co.kr/data/brand/file1_1651126087jd2sotoxz3.jpg]
[rooicell.co.kr/en/product_view2092.html]
[rooicell.co.kr/data/brand/file1_16511260474244rqs8qf.jpg]
[rooicell.co.kr/en/product_viewcdba.html]
[rooicell.co.kr/data/brand/file1_1651126004lta11lmtp2.jpg]
[rooicell.co.kr/en/product_view306b.html]
[rooicell.co.kr/data/brand/file1_16511259574ua105ix57.jpg]
[rooicell.co.kr/en/m13.html]
[rooicell.co.kr/data/product/file1_1651112635niots5741g.jpg]
[rooicell.co.kr/data/product/file1_1651112552gszoxpaztc.jpg]
[rooicell.co.kr/data/product/file1_1651112462280i1gux16.jpg]
[rooicell.co.kr/data/product/file1_1651112350mtncgaul16.jpg]
[rooicell.co.kr/data/product/file1_1651113021cxctimdzlv.jpg]
[rooicell.co.kr/data/product/file1_1651112900iit5wivwtl.jpg]
[rooicell.co.kr/data/product/file1_1651112808azbev8ye1z.jpg]
[rooicell.co.kr/data/product/file1_1651111293sgb7y84q3j.jpg]
[rooicell.co.kr/data/product/file1_1651111196gql2z8eerf.jpg]
[rooicell.co.kr/en/product.html]
[rooicell.co.kr/en/product31d2.html]
[rooicell.co.kr/en/productd896.html]
[rooicell.co.kr/en/product044b.html]
[rooicell.co.kr/en/product119c.html]
[rooicell.co.kr/data/product/file1_1651111100bi0h1an1zt.jpg]
[rooicell.co.kr/data/product/file1_1651110975k4ttqvh83c.jpg]
[rooicell.co.kr/data/product/file1_1675646417goqgj0xk2n.jpg]
[rooicell.co.kr/data/product/file1_1651110720qj18g9bv3n.jpg]
[rooicell.co.kr/data/product/file1_1651110597cgsnqwb8mj.jpg]
[rooicell.co.kr/data/product/file1_1651108602qjl0olzswk.jpg]
[rooicell.co.kr/en/product80e5.html]
[rooicell.co.kr/en/m31.html]
[rooicell.co.kr/en/m32.html]
[rooicell.co.kr/en/m33.html]
[rooicell.co.kr/en/m34.html]
[rooicell.co.kr/en/images/page/global_network_map.png]
[rooicell.co.kr/en/m35.html]
[rooicell.co.kr/en/m41.html]
[rooicell.co.kr/data/product/b_file_1651112635yl650rlgd1.jpg]
[rooicell.co.kr/data/product/b_file_1651112635nbqtjnhc8g.jpg]
[rooicell.co.kr/en/product_view9a49.html]
[rooicell.co.kr/data/product/file_main_1651112635ha5pnhh3o6.jpg]
[rooicell.co.kr/data/product/b_file_1651112552y3nd5xzjo5.jpg]
[rooicell.co.kr/data/product/b_file_16511125521k0y0fbyqd.jpg]
[rooicell.co.kr/data/product/file_main_1651112552kqvq37t0zd.jpg]
[rooicell.co.kr/en/product_view18b2.html]
[rooicell.co.kr/data/product/b_file_1651112462ergzpvo560.jpg]
[rooicell.co.kr/data/product/b_file_1651112462k06rhiz0fu.jpg]
[rooicell.co.kr/data/product/file_main_1651112462coftdwyv3e.jpg]
[rooicell.co.kr/en/product_viewdc32.html]
[rooicell.co.kr/data/product/b_file_1651112350cvkca9fx3l.jpg]
[rooicell.co.kr/data/product/b_file_1651112350vvyx4wio5u.jpg]
[rooicell.co.kr/data/product/file_main_1651112350001si4rcns.jpg]
[rooicell.co.kr/en/product_viewb072.html]
[rooicell.co.kr/en/section .sec_title_g .link_g .view_more .html]
[rooicell.co.kr/cn/css/font.css]
[rooicell.co.kr/cn/css/common09f7.css]
[rooicell.co.kr/cn/css/index_pc09f7.css]
[rooicell.co.kr/cn/css/index_tablet09f7.css]
[rooicell.co.kr/cn/css/index_mobile09f7.css]
[rooicell.co.kr/cn/img/page/find_idpw_popup.html]
[rooicell.co.kr/cn/js/style09f7.js]
[rooicell.co.kr/cn/css/style_pc09f7.css]
[rooicell.co.kr/cn/css/style_tablet09f7.css]
[rooicell.co.kr/cn/css/style_mobile09f7.css]
[rooicell.co.kr/data/brand/file1_16520824342acm57zk48.jpg]
[rooicell.co.kr/data/brand/file1_1652082404b1lp6br5pz.jpg]
[rooicell.co.kr/data/brand/file1_16520823732j42g6unat.jpg]
[rooicell.co.kr/data/brand/file1_1652082344d7dl9ne8cq.jpg]
[rooicell.co.kr/cn/product_view462f.html]
[rooicell.co.kr/data/brand/file1_1652082303kzpvifvzob.jpg]
[rooicell.co.kr/cn/product_viewf9fb.html]
[rooicell.co.kr/data/brand/file1_1652082261bqtkla2tru.jpg]
[rooicell.co.kr/cn/product_viewf16a.html]
[rooicell.co.kr/data/brand/file1_1652082275e3eo889u06.jpg]
[rooicell.co.kr/cn/m11.html]
[rooicell.co.kr/cn/product_view8e22.html]
[rooicell.co.kr/data/brand/file1_1675647255f9q6cbz595.jpg]
[rooicell.co.kr/cn/product_view09b9.html]
[rooicell.co.kr/data/brand/file1_1652082061ob6nlhok8t.jpg]
[rooicell.co.kr/cn/product_viewe578.html]
[rooicell.co.kr/data/brand/file1_16520820286e3w6f27cu.jpg]
[rooicell.co.kr/cn/product_viewc1b1.html]
[rooicell.co.kr/data/brand/file1_1652082003j1qzwcvegp.jpg]
[rooicell.co.kr/cn/m12.html]
[rooicell.co.kr/cn/product_viewacb6.html]
[rooicell.co.kr/data/brand/file1_1652081918tbxzx49rku.jpg]
[rooicell.co.kr/cn/product_view3a61.html]
[rooicell.co.kr/data/brand/file1_16520818917ymvhzaddo.jpg]
[rooicell.co.kr/cn/product_viewce56.html]
[rooicell.co.kr/data/brand/file1_165208186474ltu2r65f.jpg]
[rooicell.co.kr/cn/product_view1c55.html]
[rooicell.co.kr/data/brand/file1_1652081831q2nn5tzvqp.jpg]
[rooicell.co.kr/cn/m13.html]
[rooicell.co.kr/data/product/file1_16520808385aae1rzdj5.jpg]
[rooicell.co.kr/data/product/file1_1652080692gizxkhbk78.jpg]
[rooicell.co.kr/data/product/file1_16520805534jecmcs630.jpg]
[rooicell.co.kr/data/product/file1_1652080405btzwmw99wh.jpg]
[rooicell.co.kr/data/product/file1_1652080092eveka2x7bi.jpg]
[rooicell.co.kr/data/product/file1_16520799154nyye1ph9v.jpg]
[rooicell.co.kr/data/product/file1_1652079771j9npyvjmxu.jpg]
[rooicell.co.kr/data/product/file1_1652078896jdaghreudx.jpg]
[rooicell.co.kr/data/product/file1_1652078667luqbd4bk93.jpg]
[rooicell.co.kr/cn/product.html]
[rooicell.co.kr/cn/product31d2.html]
[rooicell.co.kr/cn/productd896.html]
[rooicell.co.kr/cn/product044b.html]
[rooicell.co.kr/cn/product119c.html]
[rooicell.co.kr/data/product/file1_1652078482joqm4lq5un.jpg]
[rooicell.co.kr/data/product/file1_1652078288qzkjq7m8vz.jpg]
[rooicell.co.kr/data/product/file1_1675647128flogeruj5k.jpg]
[rooicell.co.kr/data/product/file1_1652079354zd2b6qtiuk.jpg]
[rooicell.co.kr/data/product/file1_1652079139esxqjkay7r.jpg]
[rooicell.co.kr/data/product/file1_1652076911f3vec97b4f.jpg]
[rooicell.co.kr/cn/product80e5.html]
[rooicell.co.kr/cn/m31.html]
[rooicell.co.kr/cn/m32.html]
[rooicell.co.kr/cn/m33.html]
[rooicell.co.kr/cn/m34.html]
[rooicell.co.kr/cn/m35.html]
[rooicell.co.kr/cn/m41.html]
[rooicell.co.kr/data/product/b_file_1652080838obm9hnzbff.jpg]
[rooicell.co.kr/data/product/b_file_1652080838cmtml2m5bb.jpg]
[rooicell.co.kr/cn/product_viewed55.html]
[rooicell.co.kr/data/product/file_main_16520808386ftgvm1aej.jpg]
[rooicell.co.kr/data/product/b_file_1652080692b3xg0ipd2x.jpg]
[rooicell.co.kr/data/product/b_file_1652080692t9m9bpgak1.jpg]
[rooicell.co.kr/data/product/file_main_1652080692eggsikhm71.jpg]
[rooicell.co.kr/cn/product_view267d.html]
[rooicell.co.kr/cn/product_viewd2ef.php]
[rooicell.co.kr/data/product/b_file_1652080405i42na5k7xt.jpg]
[rooicell.co.kr/data/product/b_file_1652080405kekcu262kk.jpg]
[rooicell.co.kr/data/product/file_main_165208040587s5gammhh.jpg]
[rooicell.co.kr/cn/product_view88d7.html]
[rooicell.co.kr/cn/section .sec_title_g .link_g .view_more .html]
[rooicell.co.kr/img/page/section .sec_title_g .link_g .view_more .html]
[rooicell.co.kr/images/common/section .sec_title_g .link_g .view_more .html]
[polyfill.io/v3/polyfill.min82a1.js]
[rooicell.co.kr/product8f63.html]
[rooicell.co.kr/en/css/font.css]
[rooicell.co.kr/en/img/page/find_idpw_popup.html]
[rooicell.co.kr/en/css/style_pc09f7.css]
[rooicell.co.kr/en/css/style_tablet09f7.css]
[rooicell.co.kr/en/css/style_mobile09f7.css]
[rooicell.co.kr/en/img/page/section .sec_title_g .link_g .view_more .html]
[rooicell.co.kr/data/product/b_file_1651113021mtwrrjojvz.jpg]
[rooicell.co.kr/data/product/b_file_16511130213pyeknbtf4.jpg]
[rooicell.co.kr/data/product/file_main_165111302195eyw4grjh.jpg]
[rooicell.co.kr/en/product_view1288.html]
[rooicell.co.kr/data/product/b_file_1651112900xr22hl5tlr.jpg]
[rooicell.co.kr/data/product/b_file_16511129009t7njhu5s5.jpg]
[rooicell.co.kr/data/product/file_main_1651112900oqrrb56b8g.jpg]
[rooicell.co.kr/en/product_viewd936.html]
[rooicell.co.kr/data/product/b_file_1651112808ql5hfiw3dv.jpg]
[rooicell.co.kr/data/product/b_file_1651112808l1j5ljovek.jpg]
[rooicell.co.kr/data/product/file_main_1651112808c1fo3ukk5d.jpg]
[rooicell.co.kr/en/product_viewb2c1.html]
[rooicell.co.kr/data/product/b_file_16756464176x6m3zhhgz.jpg]
[rooicell.co.kr/data/product/b_file_1675646417zmph6qyb1s.jpg]
[rooicell.co.kr/data/product/b_file_1675646417b5wmjnbq74.jpg]
[rooicell.co.kr/data/product/file_main_1675646417e74qp6q998.jpg]
[rooicell.co.kr/en/product_view26c1.html]
[rooicell.co.kr/data/product/b_file_1651110720h3q1rbf8xq.jpg]
[rooicell.co.kr/data/product/b_file_1651110720o56u8kt3up.jpg]
[rooicell.co.kr/data/product/file_main_1675647470mlr0tltttl.jpg]
[rooicell.co.kr/en/product_view188d.html]
[rooicell.co.kr/data/product/b_file_16511105975rhvdw1j72.jpg]
[rooicell.co.kr/data/product/b_file_1651110597izxop957m4.jpg]
[rooicell.co.kr/data/product/b_file_1651110597inwjfx5sdp.jpg]
[rooicell.co.kr/data/product/file_main_1675647488ly1az4rsmi.jpg]
[rooicell.co.kr/en/product_view38fe.html]
[rooicell.co.kr/data/product/b_file_16511086028rrbexufep.jpg]
[rooicell.co.kr/data/product/b_file_1675643620kmv1mhr5xr.jpg]
[rooicell.co.kr/data/product/b_file_1675643620vzo2qbvylz.jpg]
[rooicell.co.kr/data/product/file_main_16756475054o2la75ptq.jpg]
[rooicell.co.kr/en/product_view25d3.html]
[rooicell.co.kr/data/product/b_file_16511112938icijljjl0.jpg]
[rooicell.co.kr/data/product/b_file_16511112934xsok6xjsj.jpg]
[rooicell.co.kr/data/product/b_file_16511112936ov6n4thm2.jpg]
[rooicell.co.kr/data/product/file_main_1651111293nol0ib3j95.jpg]
[rooicell.co.kr/en/product_view3c77.html]
[rooicell.co.kr/data/product/b_file_1651111196c4h0bfknhw.jpg]
[rooicell.co.kr/data/product/b_file_1651111196evuiu5gqec.jpg]
[rooicell.co.kr/data/product/b_file_1651111196nwhdr533ps.jpg]
[rooicell.co.kr/data/product/file_main_1651111196wv1pay438b.jpg]
[rooicell.co.kr/en/product_view2092.html]
[rooicell.co.kr/data/product/b_file_16511111009d38vll5gk.jpg]
[rooicell.co.kr/data/product/b_file_16511111004wsfn4e802.jpg]
[rooicell.co.kr/data/product/b_file_1651111100luk89ozbez.jpg]
[rooicell.co.kr/data/product/file_main_1651111100f9u53l0c2y.jpg]
[rooicell.co.kr/en/product_viewcdba.html]
[rooicell.co.kr/data/product/b_file_1651110975sx3f5v5qh7.jpg]
[rooicell.co.kr/data/product/b_file_1651110975jzx4meof0t.jpg]
[rooicell.co.kr/data/product/b_file_1651110975lu11xao0ad.jpg]
[rooicell.co.kr/data/product/file_main_1651110975cup7pmgw4r.jpg]
[rooicell.co.kr/en/product_view306b.html]
[rooicell.co.kr/en/product119c.html]
[rooicell.co.kr/cn/css/font.css]
[rooicell.co.kr/en/product8f63.html]
[rooicell.co.kr/cn/img/page/find_idpw_popup.html]
[rooicell.co.kr/cn/css/style_pc09f7.css]
[rooicell.co.kr/cn/css/style_tablet09f7.css]
[rooicell.co.kr/cn/css/style_mobile09f7.css]
[rooicell.co.kr/cn/img/page/section .sec_title_g .link_g .view_more .html]
[rooicell.co.kr/data/product/b_file_1652080092xqq104c7kd.jpg]
[rooicell.co.kr/data/product/b_file_1652080092281ct8kxy8.jpg]
[rooicell.co.kr/data/product/file_main_1652080092xzo2pirtam.jpg]
[rooicell.co.kr/cn/product_view462f.html]
[rooicell.co.kr/data/product/b_file_1652079915e595osnycj.jpg]
[rooicell.co.kr/data/product/b_file_165207991525mi8cvo8q.jpg]
[rooicell.co.kr/data/product/file_main_1652079915h99r05rv21.jpg]
[rooicell.co.kr/cn/product_viewf9fb.html]
[rooicell.co.kr/data/product/b_file_1652079771af5brjytev.jpg]
[rooicell.co.kr/data/product/b_file_1652079771m33bz5vbtv.jpg]
[rooicell.co.kr/data/product/file_main_1652079771x8xoquod9h.jpg]
[rooicell.co.kr/cn/product_viewf16a.html]
[rooicell.co.kr/data/product/b_file_1675647128n5brsqkzs3.jpg]
[rooicell.co.kr/data/product/b_file_1675647128ok94u6kt3m.jpg]
[rooicell.co.kr/data/product/b_file_1675647128xki1smj3vm.jpg]
[rooicell.co.kr/data/product/file_main_1675647128p6w3q313ks.jpg]
[rooicell.co.kr/cn/product_view8e22.html]
[rooicell.co.kr/data/product/b_file_1652079354z4w495g4ce.jpg]
[rooicell.co.kr/data/product/b_file_16520793545g9vlg5a9a.jpg]
[rooicell.co.kr/cn/product_view09b9.html]
[rooicell.co.kr/data/product/file_main_1675647678z62hvjj0o9.jpg]
[rooicell.co.kr/data/product/b_file_16520791398xewqrqdk4.jpg]
[rooicell.co.kr/data/product/b_file_16520791394ebvrov1f8.jpg]
[rooicell.co.kr/data/product/b_file_1652079139yw7ucgetcu.jpg]
[rooicell.co.kr/data/product/file_main_16756477041c1stssnr5.jpg]
[rooicell.co.kr/cn/product_viewe578.html]
[rooicell.co.kr/data/product/b_file_1652076911r3shrfcehj.jpg]
[rooicell.co.kr/data/product/b_file_16756477376hz45w66p1.jpg]
[rooicell.co.kr/data/product/b_file_167564773749dwygvqn0.jpg]
[rooicell.co.kr/data/product/file_main_16756477378cbdr2y1ni.jpg]
[rooicell.co.kr/cn/product_viewc1b1.html]
[rooicell.co.kr/data/product/b_file_1652078896osdf8n2voq.jpg]
[rooicell.co.kr/data/product/b_file_1652078896v4zfzg9tmg.jpg]
[rooicell.co.kr/data/product/b_file_1652078896enspztcrtw.jpg]
[rooicell.co.kr/data/product/file_main_16520788963lfweh6dcq.jpg]
[rooicell.co.kr/cn/product_viewacb6.html]
[rooicell.co.kr/data/product/b_file_1652078667a2bclu5kfd.jpg]
[rooicell.co.kr/data/product/b_file_165207866741a8qyv1m4.jpg]
[rooicell.co.kr/data/product/b_file_1652078667r9d9wszcib.jpg]
[rooicell.co.kr/data/product/file_main_16520786676h8sqwp0tg.jpg]
[rooicell.co.kr/cn/product_view3a61.html]
[rooicell.co.kr/data/product/b_file_16520784824kevxz1u18.jpg]
[rooicell.co.kr/data/product/b_file_1652078482sln95tbbkd.jpg]
[rooicell.co.kr/data/product/b_file_165207848295dm0mix5n.jpg]
[rooicell.co.kr/data/product/file_main_1652078482g4bqdg7g2q.jpg]
[rooicell.co.kr/cn/product_viewce56.html]
[rooicell.co.kr/data/product/b_file_1652078288k7s8u5neq2.jpg]
[rooicell.co.kr/data/product/b_file_16520782880tb2jlv5ci.jpg]
[rooicell.co.kr/data/product/b_file_1652078288f5yi0qzp4u.jpg]
[rooicell.co.kr/data/product/file_main_16520782886cnhv7ao28.jpg]
[rooicell.co.kr/cn/product_view1c55.html]
[rooicell.co.kr/cn/product119c.html]
[rooicell.co.kr/cn/product8f63.html]
[rooicell.co.kr/data/product/b_file_1652080553gm2kv4vg5r.jpg]
[rooicell.co.kr/data/product/b_file_1652080553n3lnuj9qh0.jpg]
[rooicell.co.kr/data/product/file_main_1652080553jxbzfzqg84.jpg]
[rooicell.co.kr/cn/product_viewd2ef.php]
[rooicell.co.kr/en/img/page/section .sec_title_g .link_g .view_more .html]
[rooicell.co.kr/en/product8f63.html]
[rooicell.co.kr/cn/img/page/section .sec_title_g .link_g .view_more .html]
[rooicell.co.kr/cn/product8f63.html]
